// Jest Snapshot v1, https://goo.gl/fbAQLP

exports[`DevToolsToggle matches snapshot 1`] = `
<div
  className="amp-setting-toggle"
>
  <div
    className="components-base-control components-toggle-control css-wdf2ti-Wrapper e1puf3u4"
  >
    <div
      className="components-base-control__field css-10urnh1-StyledField-deprecatedMarginField e1puf3u3"
    >
      <span
        className="components-form-toggle"
      >
        <input
          checked={false}
          className="components-form-toggle__input"
          id="inspector-toggle-control-0"
          onChange={[Function]}
          type="checkbox"
        />
        <span
          className="components-form-toggle__track"
        />
        <span
          className="components-form-toggle__thumb"
        />
      </span>
      <label
        className="components-toggle-control__label"
        htmlFor="inspector-toggle-control-0"
      >
        <div
          className="amp-setting-toggle__label-text"
        >
          <h3>
            Enable Developer Tools
          </h3>
        </div>
      </label>
    </div>
  </div>
</div>
`;

exports[`DevToolsToggle matches snapshot for the loading state 1`] = `
<div
  className="amp-spinner-container"
>
  <svg
    className="components-spinner css-1igdw1q-StyledSpinner e1bj2jdf2"
    focusable="false"
    role="presentation"
    viewBox="0 0 100 100"
    xmlns="http://www.w3.org/2000/svg"
  >
    <circle
      className="css-mx768t-SpinnerTrack-commonPathProps e1bj2jdf1"
      cx="50"
      cy="50"
      r="50"
      vectorEffect="non-scaling-stroke"
    />
    <path
      className="css-7c7ebc-SpinnerIndicator-commonPathProps e1bj2jdf0"
      d="m 50 0 a 50 50 0 0 1 50 50"
      vectorEffect="non-scaling-stroke"
    />
  </svg>
</div>
`;
