// Jest Snapshot v1, https://goo.gl/fbAQLP

exports[`RedirectToggle matches snapshot 1`] = `
<div
  className="amp-setting-toggle"
>
  <div
    className="components-base-control components-toggle-control css-wdf2ti-Wrapper e1puf3u4"
  >
    <div
      className="components-base-control__field css-10urnh1-StyledField-deprecatedMarginField e1puf3u3"
    >
      <span
        className="components-form-toggle is-checked"
      >
        <input
          checked={true}
          className="components-form-toggle__input"
          id="inspector-toggle-control-0"
          onChange={[Function]}
          type="checkbox"
        />
        <span
          className="components-form-toggle__track"
        />
        <span
          className="components-form-toggle__thumb"
        />
      </span>
      <label
        className="components-toggle-control__label"
        htmlFor="inspector-toggle-control-0"
      >
        <div
          className="amp-setting-toggle__label-text"
        >
          <h3>
            Redirect mobile visitors to AMP
          </h3>
        </div>
      </label>
    </div>
  </div>
</div>
`;
